Counting their articles in 362 Wikipedias...

9,789 items have BBC News topic ID (P6200), 0.01% of the 73,733,873 entities with statements; 9,666 of them (98.7%) have a Wikipedia article, in 19 Wikipedias at the median
(8 more values: some items have several)

What they are (instance of):
┌───────────────────────────────────┬───────┬───────────┐
│ kind                              ┆ items ┆ % of them │
╞═══════════════════════════════════╪═══════╪═══════════╡
│ human                             ┆ 1,961 ┆ 20.0      │
│ village                           ┆ 1,926 ┆ 19.7      │
│ civil parish                      ┆ 1,526 ┆ 15.6      │
│ town                              ┆ 1,095 ┆ 11.2      │
│ market town                       ┆ 305   ┆ 3.1       │
│ unparished area                   ┆ 240   ┆ 2.5       │
│ community                         ┆ 205   ┆ 2.1       │
│ country                           ┆ 205   ┆ 2.1       │
│ big city                          ┆ 200   ┆ 2.0       │
│ area of London                    ┆ 196   ┆ 2.0       │
│ sovereign state                   ┆ 193   ┆ 2.0       │
│ business                          ┆ 182   ┆ 1.9       │
│ city                              ┆ 176   ┆ 1.8       │
│ suburb                            ┆ 139   ┆ 1.4       │
│ small burgh                       ┆ 139   ┆ 1.4       │
│ public company                    ┆ 136   ┆ 1.4       │
│ human settlement                  ┆ 123   ┆ 1.3       │
│ taxon                             ┆ 96    ┆ 1.0       │
│ non-metropolitan district council ┆ 89    ┆ 0.9       │
│ enterprise                        ┆ 85    ┆ 0.9       │
└───────────────────────────────────┴───────┴───────────┘

In the most Wikipedias:
┌──────┬────────────────────────────┬────────────┬─────────────────────────────────────────────────────────────────────────┐
│ id   ┆ name                       ┆ wikipedias ┆ description                                                             │
╞══════╪════════════════════════════╪════════════╪═════════════════════════════════════════════════════════════════════════╡
│ Q43  ┆ Turkey                     ┆ 334        ┆ country in West Asia and Southeast Europe                               │
│ Q30  ┆ United States              ┆ 332        ┆ country located primarily in North America                              │
│ Q17  ┆ Japan                      ┆ 328        ┆ island country in East Asia                                             │
│ Q159 ┆ Russia                     ┆ 325        ┆ country in Eastern Europe and Northern Asia, the largest in the world … │
│ Q33  ┆ Finland                    ┆ 323        ┆ country in Northern Europe                                              │
│ Q142 ┆ France                     ┆ 322        ┆ country in Western Europe and other continents (through its overseas t… │
│ Q38  ┆ Italy                      ┆ 322        ┆ country in southern Europe                                              │
│ Q96  ┆ Mexico                     ┆ 322        ┆ country in North America                                                │
│ Q222 ┆ Albania                    ┆ 321        ┆ country in southeastern Europe                                          │
│ Q15  ┆ Africa                     ┆ 319        ┆ continent                                                               │
│ Q408 ┆ Australia                  ┆ 319        ┆ country in Oceania                                                      │
│ Q148 ┆ People's Republic of China ┆ 318        ┆ country in East Asia                                                    │
│ Q2   ┆ Earth                      ┆ 317        ┆ third planet from the Sun in the Solar System                           │
│ Q183 ┆ Germany                    ┆ 315        ┆ country in Central Europe                                               │
│ Q16  ┆ Canada                     ┆ 312        ┆ country in North America                                                │
│ Q525 ┆ Sun                        ┆ 312        ┆ star at the centre of the Solar System                                  │
│ Q212 ┆ Ukraine                    ┆ 311        ┆ country in Eastern Europe                                               │
│ Q29  ┆ Spain                      ┆ 311        ┆ country in southwestern Europe with territories in Africa               │
│ Q46  ┆ Europe                     ┆ 311        ┆ terrestrial continent located in north-western Eurasia                  │
│ Q20  ┆ Norway                     ┆ 310        ┆ country in Northern Europe                                              │
└──────┴────────────────────────────┴────────────┴─────────────────────────────────────────────────────────────────────────┘

A random 20 of them:
┌────────────┬───────────────────────────────────────┬────────────┬─────────────────────────────────────────────────────────────────────────┐
│ id         ┆ name                                  ┆ wikipedias ┆ description                                                             │
╞════════════╪═══════════════════════════════════════╪════════════╪═════════════════════════════════════════════════════════════════════════╡
│ Q1010328   ┆ Kilsyth                               ┆ 22         ┆ town in North Lanarkshire, Scotland, UK                                 │
│ Q1013970   ┆ Heywood                               ┆ 19         ┆ town in the Metropolitan Borough of Rochdale, Greater Manchester, Engl… │
│ Q112133647 ┆ Simon Lightwood                       ┆ 3          ┆ British politician, from 2024, Member of Parliament for Wakefield       │
│ Q112204638 ┆ 2023 Northern Ireland local elections ┆ 3          ┆ local elections                                                         │
│ Q1148482   ┆ intensive farming                     ┆ 52         ┆ various types of agriculture that involve higher levels of input and o… │
│ Q12191     ┆ Nantes                                ┆ 137        ┆ city in Loire-Atlantique, Pays de la Loire, France                      │
│ Q124250047 ┆ 2024 United Kingdom budget            ┆ 1          ┆                                                                         │
│ Q1295316   ┆ emergency department                  ┆ 38         ┆ medical treatment facility specializing in emergency medicine           │
│ Q2003600   ┆ Walton-on-Thames                      ┆ 30         ┆ town in the Elmbridge borough of Surrey, England                        │
│ Q207223    ┆ Drogheda                              ┆ 51         ┆ town in County Louth, Ireland                                           │
│ Q21065894  ┆ Nollywood                             ┆ 33         ┆ sobriquet of Nigerian cinema                                            │
│ Q21187822  ┆ 2016 United Kingdom local elections   ┆ 4          ┆ elections                                                               │
│ Q2255910   ┆ Stow                                  ┆ 11         ┆ village and civil parish in West Lindsey, Lincolnshire, UK              │
│ Q2350325   ┆ Stirling                              ┆ 4          ┆ Region or constituency of the Scottish Parliament                       │
│ Q2450664   ┆ Travis Perkins                        ┆ 6          ┆ British builders' merchant and home improvement retailer                │
│ Q24643208  ┆ Ferryden                              ┆ 6          ┆ village in Angus, Scotland, UK                                          │
│ Q30164792  ┆ Alex Sobel                            ┆ 2          ┆ British politician (born 1975)                                          │
│ Q4532391   ┆ Colton                                ┆ 9          ┆ village and civil parish in North Yorkshire, England                    │
│ Q7294939   ┆ Rashida Tlaib Al-Harbi                ┆ 41         ┆ American politician and lawyer (born 1976)                              │
│ Q736439    ┆ Ramsgate                              ┆ 44         ┆ town in Kent, England, UK                                               │
└────────────┴───────────────────────────────────────┴────────────┴─────────────────────────────────────────────────────────────────────────┘

The properties most over-represented among them (held by at least 5%):
┌──────────┬─────────────────────────────────────────┬───────────┬──────────┬─────────┐
│ property ┆ name                                    ┆ % of them ┆ % of all ┆ lift    │
╞══════════╪═════════════════════════════════════════╪═══════════╪══════════╪═════════╡
│ P13364   ┆ Wikishire article ID                    ┆ 5.2       ┆ 0.001    ┆ 4,830.6 │
│ P11619   ┆ Full Fact ID                            ┆ 6.0       ┆ 0.001    ┆ 4,408.8 │
│ P2169    ┆ PublicWhip ID                           ┆ 7.7       ┆ 0.002    ┆ 3,994.9 │
│ P13300   ┆ New York Post topic ID                  ┆ 5.4       ┆ 0.002    ┆ 2,515.5 │
│ P1151    ┆ topic's main Wikimedia portal           ┆ 6.7       ┆ 0.003    ┆ 2,277.1 │
│ P3106    ┆ The Guardian topic ID                   ┆ 16.0      ┆ 0.007    ┆ 2,245.2 │
│ P3221    ┆ New York Times topic ID                 ┆ 7.7       ┆ 0.004    ┆ 2,201.2 │
│ P9937    ┆ Postimees topic ID                      ┆ 6.6       ┆ 0.003    ┆ 2,155.9 │
│ P9346    ┆ France 24 topic ID (French)             ┆ 11.9      ┆ 0.006    ┆ 2,132.5 │
│ P6573    ┆ Klexikon article ID                     ┆ 7.4       ┆ 0.004    ┆ 2,015.8 │
│ P7870    ┆ Analysis & Policy Observatory term ID   ┆ 6.6       ┆ 0.004    ┆ 1,879.5 │
│ P4672    ┆ Early Modern Letters Online location ID ┆ 7.4       ┆ 0.005    ┆ 1,552.0 │
│ P2184    ┆ history of topic                        ┆ 7.3       ┆ 0.005    ┆ 1,521.0 │
│ P6293    ┆ YSA ID                                  ┆ 6.1       ┆ 0.004    ┆ 1,466.3 │
│ P3627    ┆ Survey of English Place-Names ID        ┆ 12.3      ┆ 0.01     ┆ 1,270.2 │
│ P3639    ┆ KEPN ID                                 ┆ 17.6      ┆ 0.014    ┆ 1,261.4 │
│ P3616    ┆ Vision of Britain place ID              ┆ 32.3      ┆ 0.027    ┆ 1,198.8 │
│ P10428   ┆ parliament.uk member ID                 ┆ 8.3       ┆ 0.007    ┆ 1,197.4 │
│ P9100    ┆ GitHub topic                            ┆ 5.8       ┆ 0.005    ┆ 1,192.5 │
│ P3916    ┆ UNESCO Thesaurus ID                     ┆ 6.3       ┆ 0.006    ┆ 1,058.2 │
└──────────┴─────────────────────────────────────────┴───────────┴──────────┴─────────┘
