
Deutschland: 16 divisions
┌─────────────────────────┬─────────────┬────────────┬─────────┬────────┬─────────┬──────────────────────┬─────────────────────────────────────────┐
│ division                ┆ capital     ┆ population ┆ counted ┆ km²    ┆ per km² ┆ head                 ┆ party                                   │
╞═════════════════════════╪═════════════╪════════════╪═════════╪════════╪═════════╪══════════════════════╪═════════════════════════════════════════╡
│ Nordrhein-Westfalen     ┆ Düsseldorf  ┆ 17,890,489 ┆ 2022    ┆ 34,113 ┆ 524     ┆ Hendrik Wüst         ┆ Christlich Demokratische Union          │
│ Bayern                  ┆ München     ┆ 13,038,724 ┆ 2022    ┆ 70,551 ┆ 185     ┆ Markus Söder         ┆ Christlich-Soziale Union in Bayern      │
│ Baden-Württemberg       ┆ Stuttgart   ┆ 11,104,040 ┆ 2022    ┆ 35,752 ┆ 311     ┆ Winfried Kretschmann ┆ Bündnis 90/Die Grünen                   │
│ Niedersachsen           ┆ Hannover    ┆ 7,943,265  ┆ 2022    ┆ 47,614 ┆ 167     ┆ Olaf Lies            ┆ Sozialdemokratische Partei Deutschlands │
│ Hessen                  ┆ Wiesbaden   ┆ 6,207,278  ┆ 2022    ┆ 21,100 ┆ 294     ┆ Boris Rhein          ┆ Christlich Demokratische Union          │
│ Rheinland-Pfalz         ┆ Mainz       ┆ 4,094,169  ┆ 2022    ┆ 19,853 ┆ 206     ┆ Alexander Schweitzer ┆ Sozialdemokratische Partei Deutschlands │
│ Sachsen                 ┆ Dresden     ┆ 4,089,467  ┆ 2023    ┆ 18,416 ┆ 222     ┆ Michael Kretschmer   ┆ Christlich Demokratische Union          │
│ Berlin                  ┆ null        ┆ 3,782,202  ┆ 2023    ┆ 891    ┆ 4,245   ┆ Kai Wegner           ┆ Christlich Demokratische Union          │
│ Schleswig-Holstein      ┆ Kiel        ┆ 2,953,270  ┆ 2022    ┆ 15,804 ┆ 187     ┆ Daniel Günther       ┆ Christlich Demokratische Union          │
│ Brandenburg             ┆ Potsdam     ┆ 2,534,075  ┆ 2022    ┆ 29,479 ┆ 86      ┆ Dietmar Woidke       ┆ Sozialdemokratische Partei Deutschlands │
│ Sachsen-Anhalt          ┆ Magdeburg   ┆ 2,146,443  ┆ 2022    ┆ 20,454 ┆ 105     ┆ Sven Schulze         ┆ Christlich Demokratische Union          │
│ Thüringen               ┆ Erfurt      ┆ 2,110,396  ┆ 2022    ┆ 16,171 ┆ 131     ┆ Mario Voigt          ┆ Christlich Demokratische Union          │
│ Hamburg                 ┆ null        ┆ 1,910,160  ┆ 2023    ┆ 755    ┆ 2,530   ┆ Peter Tschentscher   ┆ Sozialdemokratische Partei Deutschlands │
│ Mecklenburg-Vorpommern  ┆ Schwerin    ┆ 1,570,817  ┆ 2022    ┆ 23,174 ┆ 68      ┆ Manuela Schwesig     ┆ Sozialdemokratische Partei Deutschlands │
│ Saarland                ┆ Saarbrücken ┆ 1,006,864  ┆ 2022    ┆ 2,570  ┆ 392     ┆ Anke Rehlinger       ┆ Sozialdemokratische Partei Deutschlands │
│ Freie Hansestadt Bremen ┆ Bremen      ┆ 693,204    ┆ 2022    ┆ 419    ┆ 1,654   ┆ Andreas Bovenschulte ┆ Sozialdemokratische Partei Deutschlands │
└─────────────────────────┴─────────────┴────────────┴─────────┴────────┴─────────┴──────────────────────┴─────────────────────────────────────────┘

The divisions' populations add up to 83,074,863; the country's own is 83,577,140 (2024)
