
Germany: 16 divisions
┌────────────────────────┬─────────────┬────────────┬─────────┬────────┬─────────┬──────────────────────┬────────────────────────────────────┐
│ division               ┆ capital     ┆ population ┆ counted ┆ km²    ┆ per km² ┆ head                 ┆ party                              │
╞════════════════════════╪═════════════╪════════════╪═════════╪════════╪═════════╪══════════════════════╪════════════════════════════════════╡
│ North Rhine-Westphalia ┆ Düsseldorf  ┆ 17,890,489 ┆ 2022    ┆ 34,113 ┆ 524     ┆ Hendrik Wüst         ┆ Christian Democratic Union         │
│ Bavaria                ┆ Munich      ┆ 13,038,724 ┆ 2022    ┆ 70,551 ┆ 185     ┆ Markus Söder         ┆ Christian Social Union of Bavaria  │
│ Baden-Württemberg      ┆ Stuttgart   ┆ 11,104,040 ┆ 2022    ┆ 35,752 ┆ 311     ┆ Winfried Kretschmann ┆ Alliance '90/The Greens            │
│ Lower Saxony           ┆ Hanover     ┆ 7,943,265  ┆ 2022    ┆ 47,614 ┆ 167     ┆ Olaf Lies            ┆ Social Democratic Party of Germany │
│ Hesse                  ┆ Wiesbaden   ┆ 6,207,278  ┆ 2022    ┆ 21,100 ┆ 294     ┆ Boris Rhein          ┆ Christian Democratic Union         │
│ Rhineland-Palatinate   ┆ Mainz       ┆ 4,094,169  ┆ 2022    ┆ 19,853 ┆ 206     ┆ Alexander Schweitzer ┆ Social Democratic Party of Germany │
│ Saxony                 ┆ Dresden     ┆ 4,089,467  ┆ 2023    ┆ 18,416 ┆ 222     ┆ Michael Kretschmer   ┆ Christian Democratic Union         │
│ Berlin                 ┆ null        ┆ 3,782,202  ┆ 2023    ┆ 891    ┆ 4,245   ┆ Kai Wegner           ┆ Christian Democratic Union         │
│ Schleswig-Holstein     ┆ Kiel        ┆ 2,953,270  ┆ 2022    ┆ 15,804 ┆ 187     ┆ Daniel Günther       ┆ Christian Democratic Union         │
│ Brandenburg            ┆ Potsdam     ┆ 2,534,075  ┆ 2022    ┆ 29,479 ┆ 86      ┆ Dietmar Woidke       ┆ Social Democratic Party of Germany │
│ Saxony-Anhalt          ┆ Magdeburg   ┆ 2,146,443  ┆ 2022    ┆ 20,454 ┆ 105     ┆ Sven Schulze         ┆ Christian Democratic Union         │
│ Thuringia              ┆ Erfurt      ┆ 2,110,396  ┆ 2022    ┆ 16,171 ┆ 131     ┆ Mario Voigt          ┆ Christian Democratic Union         │
│ Hamburg                ┆ null        ┆ 1,910,160  ┆ 2023    ┆ 755    ┆ 2,530   ┆ Peter Tschentscher   ┆ Social Democratic Party of Germany │
│ Mecklenburg-Vorpommern ┆ Schwerin    ┆ 1,570,817  ┆ 2022    ┆ 23,174 ┆ 68      ┆ Manuela Schwesig     ┆ Social Democratic Party of Germany │
│ Saarland               ┆ Saarbrücken ┆ 1,006,864  ┆ 2022    ┆ 2,570  ┆ 392     ┆ Anke Rehlinger       ┆ Social Democratic Party of Germany │
│ Bremen                 ┆ Bremen      ┆ 693,204    ┆ 2022    ┆ 419    ┆ 1,654   ┆ Andreas Bovenschulte ┆ Social Democratic Party of Germany │
└────────────────────────┴─────────────┴────────────┴─────────┴────────┴─────────┴──────────────────────┴────────────────────────────────────┘

The divisions' populations add up to 83,074,863; the country's own is 83,577,140 (2024)
