Merging the sets...
53,585,955 items have an external ID, over 9,778 properties (an item straddling two files counts twice)
Kept 7,752 properties (held by 50+ items) and 31,907,221 items (59.5%) with 2+ of them, in 4,007,832 distinct sets
Wrote sae/output/id_sets.parquet and sae/output/id_properties.parquet

Set sizes (properties per item):
┌────────────┬─────────┬────────────┬────────────┐
│ properties ┆ sets    ┆ items      ┆ % of items │
╞════════════╪═════════╪════════════╪════════════╡
│ 2          ┆ 53,898  ┆ 15,034,867 ┆ 47.12      │
│ 3          ┆ 131,711 ┆ 4,691,496  ┆ 14.7       │
│ 4          ┆ 193,147 ┆ 2,893,482  ┆ 9.07       │
│ 5          ┆ 235,369 ┆ 1,982,720  ┆ 6.21       │
│ 6          ┆ 262,010 ┆ 1,406,681  ┆ 4.41       │
│ 7          ┆ 272,151 ┆ 1,280,055  ┆ 4.01       │
│ 8          ┆ 271,051 ┆ 993,564    ┆ 3.11       │
│ 9          ┆ 260,534 ┆ 597,408    ┆ 1.87       │
│ 10         ┆ 242,580 ┆ 454,628    ┆ 1.42       │
│ 11         ┆ 221,283 ┆ 364,837    ┆ 1.14       │
│ 12         ┆ 200,627 ┆ 310,834    ┆ 0.97       │
│ 13         ┆ 180,223 ┆ 261,378    ┆ 0.82       │
│ 14         ┆ 160,620 ┆ 216,390    ┆ 0.68       │
│ 15         ┆ 143,694 ┆ 180,182    ┆ 0.56       │
│ 16         ┆ 126,771 ┆ 149,508    ┆ 0.47       │
│ 17         ┆ 111,811 ┆ 125,321    ┆ 0.39       │
│ 18         ┆ 98,271  ┆ 105,842    ┆ 0.33       │
│ 19         ┆ 85,851  ┆ 90,335     ┆ 0.28       │
│ 20         ┆ 75,850  ┆ 79,156     ┆ 0.25       │
│ 21         ┆ 66,372  ┆ 68,941     ┆ 0.22       │
│ 22         ┆ 58,809  ┆ 60,732     ┆ 0.19       │
│ 23         ┆ 52,428  ┆ 53,694     ┆ 0.17       │
│ 24         ┆ 46,080  ┆ 46,967     ┆ 0.15       │
│ 25         ┆ 40,911  ┆ 41,436     ┆ 0.13       │
│ 26         ┆ 35,833  ┆ 36,181     ┆ 0.11       │
│ 27         ┆ 32,444  ┆ 32,629     ┆ 0.1        │
│ 28         ┆ 28,192  ┆ 28,313     ┆ 0.09       │
│ 29         ┆ 25,860  ┆ 25,919     ┆ 0.08       │
│ 30         ┆ 22,881  ┆ 22,943     ┆ 0.07       │
│ 31         ┆ 20,587  ┆ 20,628     ┆ 0.06       │
│ 32         ┆ 18,690  ┆ 18,727     ┆ 0.06       │
│ 33         ┆ 16,757  ┆ 16,789     ┆ 0.05       │
│ 34         ┆ 15,233  ┆ 15,293     ┆ 0.05       │
│ 35         ┆ 13,788  ┆ 13,818     ┆ 0.04       │
│ 36         ┆ 12,618  ┆ 12,625     ┆ 0.04       │
│ 37         ┆ 11,260  ┆ 11,262     ┆ 0.04       │
│ 38         ┆ 10,510  ┆ 10,511     ┆ 0.03       │
│ 39         ┆ 9,635   ┆ 9,636      ┆ 0.03       │
│ 40         ┆ 8,647   ┆ 8,647      ┆ 0.03       │
│ 41         ┆ 8,245   ┆ 8,245      ┆ 0.03       │
│ 42         ┆ 7,464   ┆ 7,464      ┆ 0.02       │
│ 43         ┆ 6,763   ┆ 6,763      ┆ 0.02       │
│ 44         ┆ 6,402   ┆ 6,403      ┆ 0.02       │
│ 45         ┆ 5,935   ┆ 5,935      ┆ 0.02       │
│ 46         ┆ 5,329   ┆ 5,329      ┆ 0.02       │
│ 47         ┆ 5,067   ┆ 5,067      ┆ 0.02       │
│ 48         ┆ 4,602   ┆ 4,602      ┆ 0.01       │
│ 49         ┆ 4,317   ┆ 4,317      ┆ 0.01       │
│ 50         ┆ 4,186   ┆ 4,186      ┆ 0.01       │
│ 51         ┆ 3,804   ┆ 3,804      ┆ 0.01       │
│ 52         ┆ 3,589   ┆ 3,589      ┆ 0.01       │
│ 53         ┆ 3,349   ┆ 3,349      ┆ 0.01       │
│ 54         ┆ 3,199   ┆ 3,199      ┆ 0.01       │
│ 55         ┆ 2,889   ┆ 2,889      ┆ 0.01       │
│ 56         ┆ 2,774   ┆ 2,774      ┆ 0.01       │
│ 57         ┆ 2,575   ┆ 2,575      ┆ 0.01       │
│ 58         ┆ 2,432   ┆ 2,432      ┆ 0.01       │
│ 59         ┆ 2,259   ┆ 2,259      ┆ 0.01       │
│ 60         ┆ 2,182   ┆ 2,182      ┆ 0.01       │
│ 61         ┆ 1,983   ┆ 1,983      ┆ 0.01       │
│ 62         ┆ 1,929   ┆ 1,929      ┆ 0.01       │
│ 63         ┆ 1,893   ┆ 1,893      ┆ 0.01       │
│ 64         ┆ 1,790   ┆ 1,790      ┆ 0.01       │
│ 65         ┆ 1,675   ┆ 1,675      ┆ 0.01       │
│ 66         ┆ 1,577   ┆ 1,577      ┆ 0.0        │
│ 67         ┆ 1,569   ┆ 1,569      ┆ 0.0        │
│ 68         ┆ 1,478   ┆ 1,478      ┆ 0.0        │
│ 69         ┆ 1,403   ┆ 1,403      ┆ 0.0        │
│ 70         ┆ 1,316   ┆ 1,316      ┆ 0.0        │
│ 71         ┆ 1,198   ┆ 1,198      ┆ 0.0        │
│ 72         ┆ 1,226   ┆ 1,226      ┆ 0.0        │
│ 73         ┆ 1,103   ┆ 1,103      ┆ 0.0        │
│ 74         ┆ 1,093   ┆ 1,093      ┆ 0.0        │
│ 75         ┆ 1,066   ┆ 1,066      ┆ 0.0        │
│ 76         ┆ 1,010   ┆ 1,010      ┆ 0.0        │
│ 77         ┆ 898     ┆ 898        ┆ 0.0        │
│ 78         ┆ 903     ┆ 903        ┆ 0.0        │
│ 79         ┆ 805     ┆ 805        ┆ 0.0        │
│ 80         ┆ 831     ┆ 831        ┆ 0.0        │
│ 81         ┆ 719     ┆ 719        ┆ 0.0        │
│ 82         ┆ 697     ┆ 697        ┆ 0.0        │
│ 83         ┆ 620     ┆ 620        ┆ 0.0        │
│ 84         ┆ 634     ┆ 634        ┆ 0.0        │
│ 85         ┆ 585     ┆ 585        ┆ 0.0        │
│ 86         ┆ 589     ┆ 589        ┆ 0.0        │
│ 87         ┆ 544     ┆ 544        ┆ 0.0        │
│ 88         ┆ 468     ┆ 468        ┆ 0.0        │
│ 89         ┆ 480     ┆ 480        ┆ 0.0        │
│ 90         ┆ 485     ┆ 485        ┆ 0.0        │
│ 91         ┆ 487     ┆ 487        ┆ 0.0        │
│ 92         ┆ 422     ┆ 422        ┆ 0.0        │
│ 93         ┆ 384     ┆ 384        ┆ 0.0        │
│ 94         ┆ 437     ┆ 437        ┆ 0.0        │
│ 95         ┆ 368     ┆ 368        ┆ 0.0        │
│ 96         ┆ 364     ┆ 364        ┆ 0.0        │
│ 97         ┆ 318     ┆ 318        ┆ 0.0        │
│ 98         ┆ 322     ┆ 322        ┆ 0.0        │
│ 99         ┆ 333     ┆ 333        ┆ 0.0        │
│ 100        ┆ 305     ┆ 305        ┆ 0.0        │
│ 101        ┆ 284     ┆ 284        ┆ 0.0        │
│ 102        ┆ 292     ┆ 292        ┆ 0.0        │
│ 103        ┆ 272     ┆ 272        ┆ 0.0        │
│ 104        ┆ 249     ┆ 249        ┆ 0.0        │
│ 105        ┆ 238     ┆ 238        ┆ 0.0        │
│ 106        ┆ 224     ┆ 224        ┆ 0.0        │
│ 107        ┆ 248     ┆ 248        ┆ 0.0        │
│ 108        ┆ 223     ┆ 223        ┆ 0.0        │
│ 109        ┆ 187     ┆ 187        ┆ 0.0        │
│ 110        ┆ 201     ┆ 201        ┆ 0.0        │
│ 111        ┆ 174     ┆ 174        ┆ 0.0        │
│ 112        ┆ 186     ┆ 186        ┆ 0.0        │
│ 113        ┆ 194     ┆ 194        ┆ 0.0        │
│ 114        ┆ 163     ┆ 163        ┆ 0.0        │
│ 115        ┆ 155     ┆ 155        ┆ 0.0        │
│ 116        ┆ 157     ┆ 157        ┆ 0.0        │
│ 117        ┆ 149     ┆ 149        ┆ 0.0        │
│ 118        ┆ 183     ┆ 183        ┆ 0.0        │
│ 119        ┆ 134     ┆ 134        ┆ 0.0        │
│ 120        ┆ 150     ┆ 150        ┆ 0.0        │
│ 121        ┆ 140     ┆ 140        ┆ 0.0        │
│ 122        ┆ 120     ┆ 120        ┆ 0.0        │
│ 123        ┆ 108     ┆ 108        ┆ 0.0        │
│ 124        ┆ 107     ┆ 107        ┆ 0.0        │
│ 125        ┆ 125     ┆ 125        ┆ 0.0        │
│ 126        ┆ 111     ┆ 111        ┆ 0.0        │
│ 127        ┆ 114     ┆ 114        ┆ 0.0        │
│ 128        ┆ 102     ┆ 102        ┆ 0.0        │
│ 129        ┆ 116     ┆ 116        ┆ 0.0        │
│ 130        ┆ 95      ┆ 95         ┆ 0.0        │
│ 131        ┆ 101     ┆ 101        ┆ 0.0        │
│ 132        ┆ 93      ┆ 93         ┆ 0.0        │
│ 133        ┆ 102     ┆ 102        ┆ 0.0        │
│ 134        ┆ 80      ┆ 80         ┆ 0.0        │
│ 135        ┆ 79      ┆ 79         ┆ 0.0        │
│ 136        ┆ 64      ┆ 64         ┆ 0.0        │
│ 137        ┆ 76      ┆ 76         ┆ 0.0        │
│ 138        ┆ 77      ┆ 77         ┆ 0.0        │
│ 139        ┆ 78      ┆ 78         ┆ 0.0        │
│ 140        ┆ 74      ┆ 74         ┆ 0.0        │
│ 141        ┆ 76      ┆ 76         ┆ 0.0        │
│ 142        ┆ 64      ┆ 64         ┆ 0.0        │
│ 143        ┆ 64      ┆ 64         ┆ 0.0        │
│ 144        ┆ 71      ┆ 71         ┆ 0.0        │
│ 145        ┆ 69      ┆ 69         ┆ 0.0        │
│ 146        ┆ 67      ┆ 67         ┆ 0.0        │
│ 147        ┆ 74      ┆ 74         ┆ 0.0        │
│ 148        ┆ 61      ┆ 61         ┆ 0.0        │
│ 149        ┆ 73      ┆ 73         ┆ 0.0        │
│ 150        ┆ 71      ┆ 71         ┆ 0.0        │
│ 151        ┆ 62      ┆ 62         ┆ 0.0        │
│ 152        ┆ 62      ┆ 62         ┆ 0.0        │
│ 153        ┆ 59      ┆ 59         ┆ 0.0        │
│ 154        ┆ 53      ┆ 53         ┆ 0.0        │
│ 155        ┆ 50      ┆ 50         ┆ 0.0        │
│ 156        ┆ 49      ┆ 49         ┆ 0.0        │
│ 157        ┆ 53      ┆ 53         ┆ 0.0        │
│ 158        ┆ 48      ┆ 48         ┆ 0.0        │
│ 159        ┆ 58      ┆ 58         ┆ 0.0        │
│ 160        ┆ 51      ┆ 51         ┆ 0.0        │
│ 161        ┆ 53      ┆ 53         ┆ 0.0        │
│ 162        ┆ 49      ┆ 49         ┆ 0.0        │
│ 163        ┆ 65      ┆ 65         ┆ 0.0        │
│ 164        ┆ 50      ┆ 50         ┆ 0.0        │
│ 165        ┆ 46      ┆ 46         ┆ 0.0        │
│ 166        ┆ 35      ┆ 35         ┆ 0.0        │
│ 167        ┆ 53      ┆ 53         ┆ 0.0        │
│ 168        ┆ 42      ┆ 42         ┆ 0.0        │
│ 169        ┆ 29      ┆ 29         ┆ 0.0        │
│ 170        ┆ 35      ┆ 35         ┆ 0.0        │
│ 171        ┆ 41      ┆ 41         ┆ 0.0        │
│ 172        ┆ 34      ┆ 34         ┆ 0.0        │
│ 173        ┆ 35      ┆ 35         ┆ 0.0        │
│ 174        ┆ 32      ┆ 32         ┆ 0.0        │
│ 175        ┆ 26      ┆ 26         ┆ 0.0        │
│ 176        ┆ 25      ┆ 25         ┆ 0.0        │
│ 177        ┆ 35      ┆ 35         ┆ 0.0        │
│ 178        ┆ 32      ┆ 32         ┆ 0.0        │
│ 179        ┆ 27      ┆ 27         ┆ 0.0        │
│ 180        ┆ 15      ┆ 15         ┆ 0.0        │
│ 181        ┆ 24      ┆ 24         ┆ 0.0        │
│ 182        ┆ 17      ┆ 17         ┆ 0.0        │
│ 183        ┆ 25      ┆ 25         ┆ 0.0        │
│ 184        ┆ 29      ┆ 29         ┆ 0.0        │
│ 185        ┆ 21      ┆ 21         ┆ 0.0        │
│ 186        ┆ 30      ┆ 30         ┆ 0.0        │
│ 187        ┆ 27      ┆ 27         ┆ 0.0        │
│ 188        ┆ 19      ┆ 19         ┆ 0.0        │
│ 189        ┆ 16      ┆ 16         ┆ 0.0        │
│ 190        ┆ 24      ┆ 24         ┆ 0.0        │
│ 191        ┆ 21      ┆ 21         ┆ 0.0        │
│ 192        ┆ 15      ┆ 15         ┆ 0.0        │
│ 193        ┆ 19      ┆ 19         ┆ 0.0        │
│ 194        ┆ 22      ┆ 22         ┆ 0.0        │
│ 195        ┆ 14      ┆ 14         ┆ 0.0        │
│ 196        ┆ 20      ┆ 20         ┆ 0.0        │
│ 197        ┆ 20      ┆ 20         ┆ 0.0        │
│ 198        ┆ 14      ┆ 14         ┆ 0.0        │
│ 199        ┆ 19      ┆ 19         ┆ 0.0        │
│ 200        ┆ 12      ┆ 12         ┆ 0.0        │
│ 201        ┆ 12      ┆ 12         ┆ 0.0        │
│ 202        ┆ 15      ┆ 15         ┆ 0.0        │
│ 203        ┆ 18      ┆ 18         ┆ 0.0        │
│ 204        ┆ 14      ┆ 14         ┆ 0.0        │
│ 205        ┆ 14      ┆ 14         ┆ 0.0        │
│ 206        ┆ 19      ┆ 19         ┆ 0.0        │
│ 207        ┆ 19      ┆ 19         ┆ 0.0        │
│ 208        ┆ 16      ┆ 16         ┆ 0.0        │
│ 209        ┆ 19      ┆ 19         ┆ 0.0        │
│ 210        ┆ 9       ┆ 9          ┆ 0.0        │
│ 211        ┆ 11      ┆ 11         ┆ 0.0        │
│ 212        ┆ 3       ┆ 3          ┆ 0.0        │
│ 213        ┆ 18      ┆ 18         ┆ 0.0        │
│ 214        ┆ 13      ┆ 13         ┆ 0.0        │
│ 215        ┆ 12      ┆ 12         ┆ 0.0        │
│ 216        ┆ 14      ┆ 14         ┆ 0.0        │
│ 217        ┆ 10      ┆ 10         ┆ 0.0        │
│ 218        ┆ 10      ┆ 10         ┆ 0.0        │
│ 219        ┆ 14      ┆ 14         ┆ 0.0        │
│ 220        ┆ 10      ┆ 10         ┆ 0.0        │
│ 221        ┆ 10      ┆ 10         ┆ 0.0        │
│ 222        ┆ 12      ┆ 12         ┆ 0.0        │
│ 223        ┆ 10      ┆ 10         ┆ 0.0        │
│ 224        ┆ 9       ┆ 9          ┆ 0.0        │
│ 225        ┆ 5       ┆ 5          ┆ 0.0        │
│ 226        ┆ 4       ┆ 4          ┆ 0.0        │
│ 227        ┆ 10      ┆ 10         ┆ 0.0        │
│ 228        ┆ 11      ┆ 11         ┆ 0.0        │
│ 229        ┆ 7       ┆ 7          ┆ 0.0        │
│ 230        ┆ 10      ┆ 10         ┆ 0.0        │
│ 231        ┆ 7       ┆ 7          ┆ 0.0        │
│ 232        ┆ 14      ┆ 14         ┆ 0.0        │
│ 233        ┆ 5       ┆ 5          ┆ 0.0        │
│ 234        ┆ 10      ┆ 10         ┆ 0.0        │
│ 235        ┆ 13      ┆ 13         ┆ 0.0        │
│ 236        ┆ 4       ┆ 4          ┆ 0.0        │
│ 237        ┆ 5       ┆ 5          ┆ 0.0        │
│ 238        ┆ 6       ┆ 6          ┆ 0.0        │
│ 239        ┆ 8       ┆ 8          ┆ 0.0        │
│ 240        ┆ 7       ┆ 7          ┆ 0.0        │
│ 241        ┆ 13      ┆ 13         ┆ 0.0        │
│ 242        ┆ 7       ┆ 7          ┆ 0.0        │
│ 243        ┆ 9       ┆ 9          ┆ 0.0        │
│ 244        ┆ 7       ┆ 7          ┆ 0.0        │
│ 245        ┆ 10      ┆ 10         ┆ 0.0        │
│ 246        ┆ 5       ┆ 5          ┆ 0.0        │
│ 247        ┆ 2       ┆ 2          ┆ 0.0        │
│ 248        ┆ 4       ┆ 4          ┆ 0.0        │
│ 249        ┆ 8       ┆ 8          ┆ 0.0        │
│ 250        ┆ 2       ┆ 2          ┆ 0.0        │
│ 251        ┆ 5       ┆ 5          ┆ 0.0        │
│ 252        ┆ 5       ┆ 5          ┆ 0.0        │
│ 253        ┆ 5       ┆ 5          ┆ 0.0        │
│ 254        ┆ 3       ┆ 3          ┆ 0.0        │
│ 255        ┆ 3       ┆ 3          ┆ 0.0        │
│ 256        ┆ 3       ┆ 3          ┆ 0.0        │
│ 257        ┆ 10      ┆ 10         ┆ 0.0        │
│ 258        ┆ 3       ┆ 3          ┆ 0.0        │
│ 259        ┆ 5       ┆ 5          ┆ 0.0        │
│ 260        ┆ 3       ┆ 3          ┆ 0.0        │
│ 261        ┆ 5       ┆ 5          ┆ 0.0        │
│ 262        ┆ 2       ┆ 2          ┆ 0.0        │
│ 263        ┆ 5       ┆ 5          ┆ 0.0        │
│ 264        ┆ 3       ┆ 3          ┆ 0.0        │
│ 265        ┆ 4       ┆ 4          ┆ 0.0        │
│ 266        ┆ 5       ┆ 5          ┆ 0.0        │
│ 267        ┆ 3       ┆ 3          ┆ 0.0        │
│ 268        ┆ 1       ┆ 1          ┆ 0.0        │
│ 269        ┆ 5       ┆ 5          ┆ 0.0        │
│ 270        ┆ 5       ┆ 5          ┆ 0.0        │
│ 271        ┆ 1       ┆ 1          ┆ 0.0        │
│ 273        ┆ 8       ┆ 8          ┆ 0.0        │
│ 274        ┆ 6       ┆ 6          ┆ 0.0        │
│ 275        ┆ 6       ┆ 6          ┆ 0.0        │
│ 276        ┆ 4       ┆ 4          ┆ 0.0        │
│ 277        ┆ 2       ┆ 2          ┆ 0.0        │
│ 279        ┆ 1       ┆ 1          ┆ 0.0        │
│ 280        ┆ 2       ┆ 2          ┆ 0.0        │
│ 281        ┆ 1       ┆ 1          ┆ 0.0        │
│ 282        ┆ 4       ┆ 4          ┆ 0.0        │
│ 283        ┆ 4       ┆ 4          ┆ 0.0        │
│ 284        ┆ 1       ┆ 1          ┆ 0.0        │
│ 285        ┆ 1       ┆ 1          ┆ 0.0        │
│ 286        ┆ 2       ┆ 2          ┆ 0.0        │
│ 287        ┆ 3       ┆ 3          ┆ 0.0        │
│ 288        ┆ 3       ┆ 3          ┆ 0.0        │
│ 289        ┆ 1       ┆ 1          ┆ 0.0        │
│ 290        ┆ 1       ┆ 1          ┆ 0.0        │
│ 291        ┆ 4       ┆ 4          ┆ 0.0        │
│ 292        ┆ 3       ┆ 3          ┆ 0.0        │
│ 293        ┆ 1       ┆ 1          ┆ 0.0        │
│ 294        ┆ 1       ┆ 1          ┆ 0.0        │
│ 295        ┆ 4       ┆ 4          ┆ 0.0        │
│ 296        ┆ 5       ┆ 5          ┆ 0.0        │
│ 297        ┆ 3       ┆ 3          ┆ 0.0        │
│ 298        ┆ 1       ┆ 1          ┆ 0.0        │
│ 299        ┆ 6       ┆ 6          ┆ 0.0        │
│ 300        ┆ 2       ┆ 2          ┆ 0.0        │
│ 301        ┆ 1       ┆ 1          ┆ 0.0        │
│ 302        ┆ 2       ┆ 2          ┆ 0.0        │
│ 304        ┆ 2       ┆ 2          ┆ 0.0        │
│ 305        ┆ 1       ┆ 1          ┆ 0.0        │
│ 306        ┆ 2       ┆ 2          ┆ 0.0        │
│ 307        ┆ 1       ┆ 1          ┆ 0.0        │
│ 308        ┆ 1       ┆ 1          ┆ 0.0        │
│ 309        ┆ 4       ┆ 4          ┆ 0.0        │
│ 310        ┆ 2       ┆ 2          ┆ 0.0        │
│ 311        ┆ 1       ┆ 1          ┆ 0.0        │
│ 313        ┆ 1       ┆ 1          ┆ 0.0        │
│ 314        ┆ 1       ┆ 1          ┆ 0.0        │
│ 316        ┆ 2       ┆ 2          ┆ 0.0        │
│ 320        ┆ 1       ┆ 1          ┆ 0.0        │
│ 323        ┆ 3       ┆ 3          ┆ 0.0        │
│ 324        ┆ 4       ┆ 4          ┆ 0.0        │
│ 325        ┆ 2       ┆ 2          ┆ 0.0        │
│ 327        ┆ 1       ┆ 1          ┆ 0.0        │
│ 328        ┆ 2       ┆ 2          ┆ 0.0        │
│ 329        ┆ 1       ┆ 1          ┆ 0.0        │
│ 330        ┆ 1       ┆ 1          ┆ 0.0        │
│ 332        ┆ 2       ┆ 2          ┆ 0.0        │
│ 333        ┆ 1       ┆ 1          ┆ 0.0        │
│ 334        ┆ 3       ┆ 3          ┆ 0.0        │
│ 336        ┆ 2       ┆ 2          ┆ 0.0        │
│ 339        ┆ 1       ┆ 1          ┆ 0.0        │
│ 342        ┆ 1       ┆ 1          ┆ 0.0        │
│ 343        ┆ 1       ┆ 1          ┆ 0.0        │
│ 344        ┆ 2       ┆ 2          ┆ 0.0        │
│ 347        ┆ 4       ┆ 4          ┆ 0.0        │
│ 351        ┆ 3       ┆ 3          ┆ 0.0        │
│ 352        ┆ 1       ┆ 1          ┆ 0.0        │
│ 353        ┆ 1       ┆ 1          ┆ 0.0        │
│ 354        ┆ 1       ┆ 1          ┆ 0.0        │
│ 356        ┆ 1       ┆ 1          ┆ 0.0        │
│ 358        ┆ 1       ┆ 1          ┆ 0.0        │
│ 359        ┆ 1       ┆ 1          ┆ 0.0        │
│ 364        ┆ 1       ┆ 1          ┆ 0.0        │
│ 377        ┆ 1       ┆ 1          ┆ 0.0        │
│ 380        ┆ 2       ┆ 2          ┆ 0.0        │
│ 382        ┆ 1       ┆ 1          ┆ 0.0        │
│ 385        ┆ 1       ┆ 1          ┆ 0.0        │
│ 391        ┆ 1       ┆ 1          ┆ 0.0        │
│ 392        ┆ 2       ┆ 2          ┆ 0.0        │
│ 393        ┆ 1       ┆ 1          ┆ 0.0        │
│ 401        ┆ 1       ┆ 1          ┆ 0.0        │
│ 402        ┆ 1       ┆ 1          ┆ 0.0        │
│ 404        ┆ 1       ┆ 1          ┆ 0.0        │
│ 412        ┆ 1       ┆ 1          ┆ 0.0        │
│ 418        ┆ 1       ┆ 1          ┆ 0.0        │
│ 420        ┆ 1       ┆ 1          ┆ 0.0        │
│ 435        ┆ 1       ┆ 1          ┆ 0.0        │
│ 451        ┆ 1       ┆ 1          ┆ 0.0        │
│ 516        ┆ 1       ┆ 1          ┆ 0.0        │
└────────────┴─────────┴────────────┴────────────┘

How concentrated: the items in the most common sets
┌───────────┬────────────┬────────────┐
│ top sets  ┆ items      ┆ % of items │
╞═══════════╪════════════╪════════════╡
│ 1         ┆ 4,567,864  ┆ 14.3       │
│ 10        ┆ 8,941,339  ┆ 28.0       │
│ 100       ┆ 14,845,669 ┆ 46.5       │
│ 1,000     ┆ 20,487,186 ┆ 64.2       │
│ 10,000    ┆ 24,455,969 ┆ 76.6       │
│ 100,000   ┆ 27,021,049 ┆ 84.7       │
│ 1,000,000 ┆ 28,899,389 ┆ 90.6       │
└───────────┴────────────┴────────────┘

The 30 properties held by the most items:
┌──────────┬──────────────────────────────────┬───────────┐
│ property ┆ name                             ┆ items     │
╞══════════╪══════════════════════════════════╪═══════════╡
│ P2671    ┆ Google Knowledge Graph ID        ┆ 8,119,117 │
│ P3083    ┆ SIMBAD ID                        ┆ 8,061,556 │
│ P214     ┆ VIAF cluster ID                  ┆ 4,653,629 │
│ P13228   ┆ Gaia ID                          ┆ 4,606,218 │
│ P646     ┆ Freebase ID                      ┆ 4,467,202 │
│ P1566    ┆ GeoNames ID                      ┆ 4,011,806 │
│ P846     ┆ GBIF taxon ID                    ┆ 3,321,437 │
│ P227     ┆ GND ID                           ┆ 2,986,555 │
│ P213     ┆ ISNI                             ┆ 2,532,074 │
│ P10585   ┆ Catalogue of Life ID             ┆ 2,289,822 │
│ P2326    ┆ GNS Unique Feature ID            ┆ 2,113,123 │
│ P9157    ┆ Open Tree of Life ID             ┆ 2,033,558 │
│ P496     ┆ ORCID iD                         ┆ 1,966,040 │
│ P244     ┆ Library of Congress authority ID ┆ 1,729,803 │
│ P5055    ┆ IRMNG ID                         ┆ 1,383,600 │
│ P235     ┆ InChIKey                         ┆ 1,366,306 │
│ P234     ┆ InChI                            ┆ 1,365,048 │
│ P10832   ┆ WorldCat Entities ID             ┆ 1,364,843 │
│ P13049   ┆ DDB person (GND) ID              ┆ 1,363,425 │
│ P662     ┆ PubChem CID                      ┆ 1,330,102 │
│ P13591   ┆ ‎Yale LUX ID                      ┆ 1,243,318 │
│ P345     ┆ IMDb ID                          ┆ 1,173,637 │
│ P830     ┆ Encyclopedia of Life ID          ┆ 1,106,378 │
│ P11089   ┆ UniChem compound ID              ┆ 1,065,501 │
│ P11699   ┆ China movable cultural relic ID  ┆ 1,050,934 │
│ P269     ┆ IdRef ID                         ┆ 1,032,298 │
│ P7902    ┆ Deutsche Biographie (GND) ID     ┆ 952,363   │
│ P231     ┆ CAS Registry Number              ┆ 945,402   │
│ P7715    ┆ World Flora Online ID            ┆ 921,064   │
│ P961     ┆ IPNI plant ID                    ┆ 907,963   │
└──────────┴──────────────────────────────────┴───────────┘

The 30 most common sets:
┌───────────┬───────────────────────────────────────────────────────────────────────────────────────────────────────┐
│ items     ┆ set                                                                                                   │
╞═══════════╪═══════════════════════════════════════════════════════════════════════════════════════════════════════╡
│ 4,567,864 ┆ SIMBAD ID, Gaia ID                                                                                    │
│ 1,453,486 ┆ GeoNames ID, GNS Unique Feature ID                                                                    │
│ 419,705   ┆ Entrez Gene ID, NCBI locus tag                                                                        │
│ 412,785   ┆ GeoNames ID, GNIS Feature ID                                                                          │
│ 411,714   ┆ UniProt protein ID, RefSeq protein ID                                                                 │
│ 407,586   ┆ OpenCorporates ID, SIREN number                                                                       │
│ 333,814   ┆ British Listed Buildings ID, National Heritage List for England number                                │
│ 323,318   ┆ VIAF cluster ID, GND ID, DDB person (GND) ID                                                          │
│ 310,126   ┆ InChIKey, InChI, PubChem CID, UniChem compound ID, CAS Registry Number, DSSTox substance ID, DSSTOX … │
│ 300,941   ┆ CBDB ID, Shanghai Library person ID                                                                   │
│ 290,408   ┆ VIAF cluster ID, GND ID, ISNI, DDB person (GND) ID                                                    │
│ 250,903   ┆ InChIKey, InChI, PubChem CID, UniChem compound ID, CAS Registry Number, DSSTox substance ID, DSSTOX … │
│ 246,136   ┆ GeoNames ID, SSR place name number                                                                    │
│ 176,304   ┆ NPSN Indonesian school ID, Sekolah Kita ID                                                            │
│ 165,641   ┆ Minor Planet Center body ID, JPL Small-Body Database SPK-ID                                           │
│ 155,826   ┆ INEP ID, QEdu ID                                                                                      │
│ 155,334   ┆ ORCID iD, Scopus author ID                                                                            │
│ 143,063   ┆ InChIKey, InChI, PubChem CID                                                                          │
│ 124,816   ┆ VIAF cluster ID, GND ID, ISNI                                                                         │
│ 118,848   ┆ factordb ID, KIT Linked Open Numbers ID                                                               │
│ 109,107   ┆ GeoNames ID, CGNDB unique ID                                                                          │
│ 108,727   ┆ ISBN-13, Czech National Bibliography ID                                                               │
│ 99,590    ┆ GeneDB ID, UniProt protein ID                                                                         │
│ 96,476    ┆ GBIF taxon ID, Catalogue of Life ID, World Flora Online ID, IPNI plant ID, Plants of the World Onlin… │
│ 94,832    ┆ VIAF cluster ID, NL CR AUT ID                                                                         │
│ 90,634    ┆ Bavarian monument authority ID, Bavarian Monument Map object ID (architectural monument)              │
│ 90,556    ┆ InChIKey, InChI, PubChem CID, UniChem compound ID                                                     │
│ 88,008    ┆ Mathematics Genealogy Project ID, MR Author ID                                                        │
│ 86,330    ┆ Geneanet family name ID, Géopatronyme ID                                                              │
│ 83,167    ┆ UniProt protein ID, RefSeq protein ID, Ensembl protein ID                                             │
└───────────┴───────────────────────────────────────────────────────────────────────────────────────────────────────┘
