
image moment (Q841934): 1 features, heaviest first
┌─────────┬───────┬────────────────────────────────────────────────────────────────┬────────┬────────┐
│ feature ┆ group ┆ label                                                          ┆ items  ┆ weight │
╞═════════╪═══════╪════════════════════════════════════════════════════════════════╪════════╪════════╡
│ 44      ┆ 0     ┆ OpenAlex ID, Microsoft Academic ID (discontinued), Freebase ID ┆ 90,089 ┆ 9.58   │
└─────────┴───────┴────────────────────────────────────────────────────────────────┴────────┴────────┘

90,088 candidates (with any of its 1 heaviest features); the 30 most similar, grouped by the feature linking them most:

Via 44: OpenAlex ID, Microsoft Academic ID (discontinued), Freebase ID
┌──────────┬────────────────────────────────────────────┬────────────┬─────────────────┐
│ id       ┆ name                                       ┆ similarity ┆ shared features │
╞══════════╪════════════════════════════════════════════╪════════════╪═════════════════╡
│ Q1000031 ┆ entropy of mixing                          ┆ 1.0        ┆ 44              │
│ Q1000364 ┆ buckypaper                                 ┆ 1.0        ┆ 44              │
│ Q1000635 ┆ Angle-resolved photoemission spectroscopy  ┆ 1.0        ┆ 44              │
│ Q1000646 ┆ action-angle coordinates                   ┆ 1.0        ┆ 44              │
│ Q1002407 ┆ battlespace                                ┆ 1.0        ┆ 44              │
│ Q1002603 ┆ Degree distribution                        ┆ 1.0        ┆ 44              │
│ Q1003216 ┆ hyperbolic angle                           ┆ 1.0        ┆ 44              │
│ Q1003225 ┆ measure-preserving dynamical system        ┆ 1.0        ┆ 44              │
│ Q1004415 ┆ run-time system                            ┆ 1.0        ┆ 44              │
│ Q1006032 ┆ discrete Fourier transform                 ┆ 1.0        ┆ 44              │
│ Q1006428 ┆ two-body problem in general relativity     ┆ 1.0        ┆ 44              │
│ Q1006450 ┆ reductive group                            ┆ 1.0        ┆ 44              │
│ Q1006462 ┆ Hilbert–Huang transform                    ┆ 1.0        ┆ 44              │
│ Q1006531 ┆ Discrete Hartley transform                 ┆ 1.0        ┆ 44              │
│ Q1017059 ┆ burst error                                ┆ 1.0        ┆ 44              │
│ Q1017139 ┆ Hybrid automatic repeat request            ┆ 1.0        ┆ 44              │
│ Q1017228 ┆ bus sniffing                               ┆ 1.0        ┆ 44              │
│ Q1017231 ┆ elementary abelian group                   ┆ 1.0        ┆ 44              │
│ Q1017238 ┆ hyperbolic coordinates                     ┆ 1.0        ┆ 44              │
│ Q1017580 ┆ Business process discovery                 ┆ 1.0        ┆ 44              │
│ Q1018085 ┆ butterfly                                  ┆ 1.0        ┆ 44              │
│ Q1020380 ┆ Büchi automaton                            ┆ 1.0        ┆ 44              │
│ Q1022253 ┆ Manual fire alarm activation               ┆ 1.0        ┆ 44              │
│ Q1022550 ┆ polymer brushes                            ┆ 1.0        ┆ 44              │
│ Q1022778 ┆ Computer Automated Measurement and Control ┆ 1.0        ┆ 44              │
│ Q1022829 ┆ CCR and CAR algebras                       ┆ 1.0        ┆ 44              │
│ Q1023599 ┆ CHAID                                      ┆ 1.0        ┆ 44              │
│ Q1023614 ┆ CHEMKIN                                    ┆ 1.0        ┆ 44              │
│ Q1023887 ┆ Colossal magnetoresistance                 ┆ 1.0        ┆ 44              │
│ Q1024110 ┆ COPP                                       ┆ 1.0        ┆ 44              │
└──────────┴────────────────────────────────────────────┴────────────┴─────────────────┘
